{
  "id": "a4a420db-c6d6-4209-af96-5e5408a57bfe",
  "tenantID": "f24d653a-f465-11ec-bfa4-26b2e5d16858",
  "title": "To Do",
  "columnName": "column-1",
  "taskIds": [],
  "projectId": "96c3424e-17cf-4bd2-916e-1ec2ddc979a5",
  "updatedAt": "2022-07-09T05:51:24.211989Z",
  "createdAt": "2022-07-09T05:51:24.211989Z"
}
