[
  {
    "id": "a4a420db-c6d6-4209-af96-5e5408a57bfe",
    "tenantID": "f24d653a-f465-11ec-bfa4-26b2e5d16858",
    "title": "To Do",
    "columnName": "column-1",
    "taskIds": [],
    "projectId": "96c3424e-17cf-4bd2-916e-1ec2ddc979a5",
    "updatedAt": "2022-07-09T05:51:24.211989Z",
    "createdAt": "2022-07-09T05:51:24.211989Z"
  },
  {
    "id": "4ffd92ae-32c7-4314-b295-18aa7da66d62",
    "tenantID": "f24d653a-f465-11ec-bfa4-26b2e5d16858",
    "title": "In Progress",
    "columnName": "column-2",
    "taskIds": [],
    "projectId": "96c3424e-17cf-4bd2-916e-1ec2ddc979a5",
    "updatedAt": "2022-07-09T05:51:24.219037Z",
    "createdAt": "2022-07-09T05:51:24.219037Z"
  },
  {
    "id": "29c1b8d2-caba-4d61-9523-a4d2b83df3d9",
    "tenantID": "f24d653a-f465-11ec-bfa4-26b2e5d16858",
    "title": "Review",
    "columnName": "column-3",
    "taskIds": [],
    "projectId": "96c3424e-17cf-4bd2-916e-1ec2ddc979a5",
    "updatedAt": "2022-07-09T05:51:24.220731Z",
    "createdAt": "2022-07-09T05:51:24.220731Z"
  },
  {
    "id": "37bd403f-a9dd-4527-a168-b3b2ac5666db",
    "tenantID": "f24d653a-f465-11ec-bfa4-26b2e5d16858",
    "title": "Done",
    "columnName": "column-4",
    "taskIds": [],
    "projectId": "96c3424e-17cf-4bd2-916e-1ec2ddc979a5",
    "updatedAt": "2022-07-09T05:51:24.222499Z",
    "createdAt": "2022-07-09T05:51:24.222499Z"
  }
]
