{
  "id": "96c3424e-17cf-4bd2-916e-1ec2ddc979a5",
  "tenantId": "f24d653a-f465-11ec-bfa4-26b2e5d16858",
  "name": "Apple",
  "prefix": "APP-",
  "description": "The Apple project",
  "userId": "0ef64d03-8a91-4513-907c-dd1fcfcfeb46",
  "active": true,
  "public": false,
  "columnOrder": [
    "column-1",
    "column-2",
    "column-3",
    "column-4"
  ],
  "updatedAt": "2022-07-15T09:08:27Z",
  "createdAt": "2022-07-15T09:08:27Z"
}
