{
  "id": "4fd2079c-704f-44ed-af91-0b543c059ba6",
  "key": "Lim-1",
  "title": "Design it",
  "tenantId": "f24d653a-f465-11ec-bfa4-26b2e5d16858",
  "points": 0,
  "userId": "0ef64d03-8a91-4513-907c-dd1fcfcfeb46",
  "content": "Example content",
  "projectId": "f8a6daf8-7239-47c3-a4e7-74d46439c7e5",
  "assignedTo": "",
  "attachments": [],
  "comments": [],
  "updatedAt": "2022-07-17T00:15:02.625578Z",
  "createdAt": "2022-07-17T00:15:02.625578Z"
}
